<?xml version="1.0" encoding="UTF-8"?>
<testsuites name="Mocha Tests" time="1.2810000000000001" tests="35" failures="0">
  <testsuite name="Root Suite" timestamp="2021-11-10T17:10:46" tests="0" failures="0" time="0">
  </testsuite>
  <testsuite name="Accessories Controller" timestamp="2021-11-10T17:10:49" tests="7" file="C:\Users\KIIT\Documents\workspace\frescoplay2\test\controllers\AccessoriesController.test.js" failures="0" time="0.251">
    <testcase name="Accessories Controller get /accessories" time="0.063" classname="get /accessories">
    </testcase>
    <testcase name="Accessories Controller fetch" time="0.047" classname="fetch">
    </testcase>
    <testcase name="Accessories Controller createA" time="0.031" classname="createA">
    </testcase>
    <testcase name="Accessories Controller update /accessories" time="0.016" classname="update /accessories">
    </testcase>
    <testcase name="Accessories Controller searcA" time="0.016" classname="searcA">
    </testcase>
    <testcase name="Accessories Controller delete /accessories" time="0.047" classname="delete /accessories">
    </testcase>
    <testcase name="Accessories Controller deleteAll /accessories" time="0.031" classname="deleteAll /accessories">
    </testcase>
  </testsuite>
  <testsuite name="cars Controller" timestamp="2021-11-10T17:10:49" tests="10" file="C:\Users\KIIT\Documents\workspace\frescoplay2\test\controllers\CarsController.test.js" failures="0" time="0.36">
    <testcase name="cars Controller get /cars" time="0.031" classname="get /cars">
    </testcase>
    <testcase name="cars Controller fetch /cars" time="0.031" classname="fetch /cars">
    </testcase>
    <testcase name="cars Controller create /manufacturer" time="0.019" classname="create /manufacturer">
    </testcase>
    <testcase name="cars Controller create /segment" time="0.011" classname="create /segment">
    </testcase>
    <testcase name="cars Controller create /variant" time="0.01" classname="create /variant">
    </testcase>
    <testcase name="cars Controller create /cars ccc" time="0.055" classname="create /cars ccc">
    </testcase>
    <testcase name="cars Controller cars update" time="0.046" classname="cars update">
    </testcase>
    <testcase name="cars Controller search /cars" time="0.047" classname="search /cars">
    </testcase>
    <testcase name="cars Controller delete /cars" time="0.063" classname="delete /cars">
    </testcase>
    <testcase name="cars Controller deleteAll /cars" time="0.047" classname="deleteAll /cars">
    </testcase>
  </testsuite>
  <testsuite name="manufacturer Controller" timestamp="2021-11-10T17:10:49" tests="6" file="C:\Users\KIIT\Documents\workspace\frescoplay2\test\controllers\ManufacturerController.test.js" failures="0" time="0.15600000000000003">
    <testcase name="manufacturer Controller get /manufacturer" time="0.047" classname="get /manufacturer">
    </testcase>
    <testcase name="manufacturer Controller fetch /manufacturer" time="0" classname="fetch /manufacturer">
    </testcase>
    <testcase name="manufacturer Controller update /manufacturer" time="0.015" classname="update /manufacturer">
    </testcase>
    <testcase name="manufacturer Controller search /manufacturer" time="0.047" classname="search /manufacturer">
    </testcase>
    <testcase name="manufacturer Controller delete /manufacturer" time="0.031" classname="delete /manufacturer">
    </testcase>
    <testcase name="manufacturer Controller deleteAll /manufacturer" time="0.016" classname="deleteAll /manufacturer">
    </testcase>
  </testsuite>
  <testsuite name="Segment Controller" timestamp="2021-11-10T17:10:50" tests="6" file="C:\Users\KIIT\Documents\workspace\frescoplay2\test\controllers\SegmentController.test.js" failures="0" time="0.202">
    <testcase name="Segment Controller get /segment" time="0.056" classname="get /segment">
    </testcase>
    <testcase name="Segment Controller fetch /segment" time="0.011" classname="fetch /segment">
    </testcase>
    <testcase name="Segment Controller update /segment" time="0.026" classname="update /segment">
    </testcase>
    <testcase name="Segment Controller search /segment" time="0.047" classname="search /segment">
    </testcase>
    <testcase name="Segment Controller delete /segment" time="0.046" classname="delete /segment">
    </testcase>
    <testcase name="Segment Controller deleteAll /segment" time="0.016" classname="deleteAll /segment">
    </testcase>
  </testsuite>
  <testsuite name="variant Controller" timestamp="2021-11-10T17:10:50" tests="6" file="C:\Users\KIIT\Documents\workspace\frescoplay2\test\controllers\VarientController.test.js" failures="0" time="0.312">
    <testcase name="variant Controller get /variant" time="0.063" classname="get /variant">
    </testcase>
    <testcase name="variant Controller fetch /variant" time="0.062" classname="fetch /variant">
    </testcase>
    <testcase name="variant Controller update /variant" time="0.031" classname="update /variant">
    </testcase>
    <testcase name="variant Controller search /variant" time="0.032" classname="search /variant">
    </testcase>
    <testcase name="variant Controller delete /variant" time="0.062" classname="delete /variant">
    </testcase>
    <testcase name="variant Controller deleteAll /variant" time="0.062" classname="deleteAll /variant">
    </testcase>
  </testsuite>
</testsuites>